<area shape="rect" href="$classOgre_1_1ArchiveManager.html" title="This class manages the available ArchiveFactory plugins." alt="" coords="329,20,665,47">
<area shape="rect" href="$classOgre_1_1CompositorManager.html" title="Class for managing Compositor settings for Ogre." alt="" coords="303,71,692,98">
<area shape="rect" href="$classOgre_1_1ControllerManager.html" title="Class for managing Controller instances." alt="" coords="315,122,680,148">
<area shape="rect" href="$classOgre_1_1DynLibManager.html" title="Manager for Dynamic&#45;loading Libraries." alt="" coords="333,172,661,199">
<area shape="rect" href="$classOgre_1_1ExternalTextureSourceManager.html" title="Singleton Class which handles the registering and control of texture plugins." alt="" coords="233,223,761,250">
<area shape="rect" href="$classOgre_1_1FontManager.html" title="Manages Font resources, parsing .fontdef files and generally organising them." alt="" coords="349,274,645,300">
<area shape="rect" href="$classOgre_1_1GpuProgramManager.html" title="Ogre::GpuProgramManager\&lt; Ogre::GpuProgramManager \&gt;" alt="" coords="296,324,699,351">
<area shape="rect" href="$classOgre_1_1HardwareBufferManager.html" title="Abstract singleton class for managing hardware buffers, a concrete instance of this..." alt="" coords="277,375,717,402">
<area shape="rect" href="$classOgre_1_1HighLevelGpuProgramManager.html" title="This ResourceManager manages high&#45;level vertex and fragment programs." alt="" coords="233,426,761,452">
<area shape="rect" href="$classOgre_1_1LogManager.html" title="The log manager handles the creation and retrieval of logs for the application." alt="" coords="353,476,641,503">
<area shape="rect" href="$classOgre_1_1MaterialManager.html" title="Class for managing Material settings for Ogre." alt="" coords="325,527,669,554">
<area shape="rect" href="$classOgre_1_1MeshManager.html" title="Handles the management of mesh resources." alt="" coords="343,578,652,604">
<area shape="rect" href="$classOgre_1_1OverlayManager.html" title="Manages Overlay objects, parsing them from .overlay files and storing a lookup library..." alt="" coords="329,628,665,655">
<area shape="rect" href="$classOgre_1_1ParticleSystemManager.html" title="Manages particle systems, particle system scripts (templates) and the available emitter..." alt="" coords="281,679,713,706">
<area shape="rect" href="$classOgre_1_1Profiler.html" title="The profiler allows you to measure the performance of your code." alt="" coords="389,730,605,756">
<area shape="rect" href="$classOgre_1_1RenderSystemCapabilitiesManager.html" title="Class for managing RenderSystemCapabilities database for Ogre." alt="" coords="211,780,784,807">
<area shape="rect" href="$classOgre_1_1ResourceBackgroundQueue.html" title="This class is used to perform Resource operations in a background thread." alt="" coords="257,831,737,858">
<area shape="rect" href="$classOgre_1_1ResourceGroupManager.html" title="This singleton class manages the list of resource groups, and notifying the various..." alt="" coords="280,882,715,908">
<area shape="rect" href="$classOgre_1_1Root.html" title="The root class of the Ogre system." alt="" coords="405,932,589,959">
<area shape="rect" href="$classOgre_1_1SceneManagerEnumerator.html" title="Enumerates the SceneManager classes available to applications." alt="" coords="261,983,733,1010">
<area shape="rect" href="$classOgre_1_1ScriptCompilerManager.html" title="Manages threaded compilation of scripts." alt="" coords="283,1034,712,1060">
<area shape="rect" href="$classOgre_1_1ShadowTextureManager.html" title="Class to manage the available shadow textures which may be shared between many SceneManager..." alt="" coords="281,1084,713,1111">
<area shape="rect" href="$classOgre_1_1SkeletonManager.html" title="Handles the management of skeleton resources." alt="" coords="321,1135,673,1162">
<area shape="rect" href="$classOgre_1_1TextureManager.html" title="Class for loading &amp; managing textures." alt="" coords="331,1186,664,1212">
<area shape="rect" href="$classOgre_1_1DefaultHardwareBufferManager.html" title="Specialisation of HardwareBufferManager to emulate hardware buffers." alt="" coords="832,375,1093,402">
