<area shape="rect" href="$classOgre_1_1MovableObject.html" title="Abstract class defining a movable object in a scene." alt="" coords="216,259,371,285">
<area shape="rect" href="$classOgre_1_1BillboardChain.html" title="Allows the rendering of a chain of connected billboards." alt="" coords="485,5,637,32">
<area shape="rect" href="$classOgre_1_1BillboardSet.html" title="A collection of billboards (faces which are always facing the given direction) with..." alt="" coords="493,56,629,83">
<area shape="rect" href="$classOgre_1_1Entity.html" title="Defines an instance of a discrete, movable object based on a Mesh." alt="" coords="513,107,609,133">
<area shape="rect" href="$classOgre_1_1Frustum.html" title="A frustum represents a pyramid, capped at the near and far end which is used to represent..." alt="" coords="505,157,617,184">
<area shape="rect" href="$classOgre_1_1InstancedGeometry_1_1BatchInstance.html" title="The details of a topological BatchInstance which is the highest level of partitioning..." alt="" coords="420,208,703,235">
<area shape="rect" href="$classOgre_1_1Light.html" title="Representation of a dynamic light source in the scene." alt="" coords="516,259,607,285">
<area shape="rect" href="$classOgre_1_1ManualObject.html" title="Class providing a much simplified interface to generating manual objects with custom..." alt="" coords="488,309,635,336">
<area shape="rect" href="$classOgre_1_1MovablePlane.html" title="Definition of a Plane that may be attached to a node, and the derived details of..." alt="" coords="488,360,635,387">
<area shape="rect" href="$classOgre_1_1ParticleSystem.html" title="Class defining particle system based special effects." alt="" coords="484,411,639,437">
<area shape="rect" href="$classOgre_1_1SimpleRenderable.html" title="Ogre::SimpleRenderable" alt="" coords="473,461,649,488">
<area shape="rect" href="$classOgre_1_1StaticGeometry_1_1Region.html" title="The details of a topological region which is the highest level of partitioning for..." alt="" coords="456,512,667,539">
<area shape="rect" href="$classOgre_1_1RibbonTrail.html" title="Subclass of BillboardChain which automatically leaves a trail behind one or more..." alt="" coords="839,5,967,32">
<area shape="rect" href="$classOgre_1_1Camera.html" title="A viewpoint from which the scene will be rendered." alt="" coords="847,157,959,184">
<area shape="rect" href="$classOgre_1_1InstancedGeometry_1_1GeometryBucket.html" title="A GeometryBucket is a the lowest level bucket where geometry with the same vertex..." alt="" coords="752,411,1053,437">
<area shape="rect" href="$classOgre_1_1Rectangle2D.html" title="Allows the rendering of a simple 2D rectangle This class renders a simple 2D rectangle;..." alt="" coords="833,461,972,488">
<area shape="rect" href="$classOgre_1_1WireBoundingBox.html" title="Allows the rendering of a wireframe bounding box." alt="" coords="817,512,988,539">
