<area shape="rect" href="$classOgre_1_1BillboardChain.html" title="Allows the rendering of a chain of connected billboards." alt="" coords="256,5,408,32">
<area shape="rect" href="$classOgre_1_1BillboardSet.html" title="A collection of billboards (faces which are always facing the given direction) with..." alt="" coords="264,56,400,82">
<area shape="rect" href="$classOgre_1_1BorderRenderable.html" title="Class for rendering the border of a BorderPanelOverlayElement." alt="" coords="245,106,419,133">
<area shape="rect" href="$classOgre_1_1Frustum.html" title="A frustum represents a pyramid, capped at the near and far end which is used to represent..." alt="" coords="276,157,388,184">
<area shape="rect" href="$classOgre_1_1ManualObject_1_1ManualObjectSection.html" title="Built, renderable section of geometry." alt="" coords="187,208,477,234">
<area shape="rect" href="$classOgre_1_1Node.html" title="Class representing a general&#45;purpose node an articulated scene graph." alt="" coords="285,258,379,285">
<area shape="rect" href="$classOgre_1_1OverlayElement.html" title="Abstract definition of a 2D element to be displayed in an Overlay." alt="" coords="252,309,412,336">
<area shape="rect" href="$classOgre_1_1ShadowRenderable.html" title="Class which represents the renderable aspects of a set of shadow volume faces." alt="" coords="241,385,423,412">
<area shape="rect" href="$classOgre_1_1SimpleRenderable.html" title="Ogre::SimpleRenderable" alt="" coords="244,486,420,513">
<area shape="rect" href="$classOgre_1_1StaticGeometry_1_1GeometryBucket.html" title="A GeometryBucket is a the lowest level bucket where geometry with the same vertex..." alt="" coords="195,537,469,564">
<area shape="rect" href="$classOgre_1_1SubEntity.html" title="Utility class which defines the sub&#45;parts of an Entity." alt="" coords="272,588,392,614">
<area shape="rect" href="$classOgre_1_1RibbonTrail.html" title="Subclass of BillboardChain which automatically leaves a trail behind one or more..." alt="" coords="668,5,796,32">
<area shape="rect" href="$classOgre_1_1Camera.html" title="A viewpoint from which the scene will be rendered." alt="" coords="676,106,788,133">
<area shape="rect" href="$classOgre_1_1Bone.html" title="A bone in a skeleton." alt="" coords="685,157,779,184">
<area shape="rect" href="$classOgre_1_1SceneNode.html" title="Class representing a node in the scene graph." alt="" coords="665,208,799,234">
<area shape="rect" href="$classOgre_1_1TagPoint.html" title="A tagged point on a skeleton, which can be used to attach entities to on specific..." alt="" coords="1029,157,1141,184">
<area shape="rect" href="$classOgre_1_1OverlayContainer.html" title="A 2D element which contains other OverlayElement instances." alt="" coords="647,258,817,285">
<area shape="rect" href="$classOgre_1_1TextAreaOverlayElement.html" title="This class implements an overlay element which contains simple unformatted text." alt="" coords="624,309,840,336">
<area shape="rect" href="$classOgre_1_1PanelOverlayElement.html" title="OverlayElement representing a flat, single&#45;material (or transparent) panel which..." alt="" coords="988,258,1183,285">
<area shape="rect" href="$classOgre_1_1Entity_1_1EntityShadowRenderable.html" title="Nested class to allow entity shadows." alt="" coords="603,360,861,386">
<area shape="rect" href="$classOgre_1_1ManualObject_1_1ManualObjectSectionShadowRenderable.html" title="Nested class to allow shadows." alt="" coords="527,410,937,437">
<area shape="rect" href="$classOgre_1_1StaticGeometry_1_1LODBucket_1_1LODShadowRenderable.html" title="Nested class to allow shadows." alt="" coords="535,461,929,488">
<area shape="rect" href="$classOgre_1_1InstancedGeometry_1_1GeometryBucket.html" title="A GeometryBucket is a the lowest level bucket where geometry with the same vertex..." alt="" coords="581,512,883,538">
<area shape="rect" href="$classOgre_1_1Rectangle2D.html" title="Allows the rendering of a simple 2D rectangle This class renders a simple 2D rectangle;..." alt="" coords="663,562,801,589">
<area shape="rect" href="$classOgre_1_1WireBoundingBox.html" title="Allows the rendering of a wireframe bounding box." alt="" coords="647,613,817,640">
